{"case_id": "qualification-predict-0", "attempt_id": "cf1d1a77-0e8b-4d89-bbd7-87f39e738959", "success": true, "failure_category": null, "charged_tokens": 17, "job_elapsed_seconds": 16.013938485000835, "cumulative_budget": {"seconds": 1748.7126958080012, "tokens": 23866, "cases": 65}}
{"case_id": "qualification-predict-1", "attempt_id": "6ba7b0ac-7210-4426-9523-36de682cc10d", "success": true, "failure_category": null, "charged_tokens": 16, "job_elapsed_seconds": 15.464767626002867, "cumulative_budget": {"seconds": 1764.177463434004, "tokens": 23882, "cases": 66}}
{"case_id": "qualification-predict-2", "attempt_id": "0cefff8f-729e-4d61-a59b-bb921052583e", "success": true, "failure_category": null, "charged_tokens": 17, "job_elapsed_seconds": 15.467706360999728, "cumulative_budget": {"seconds": 1779.6451697950038, "tokens": 23899, "cases": 67}}
{"case_id": "qualification-predict-3", "attempt_id": "a95a13cc-f114-4acf-a97d-2fb7b7b7a931", "success": true, "failure_category": null, "charged_tokens": 19, "job_elapsed_seconds": 15.463158014998044, "cumulative_budget": {"seconds": 1795.1083278100018, "tokens": 23918, "cases": 68}}
{"case_id": "qualification-F-0", "attempt_id": "72ecd881-e00e-4dc8-8e62-ce54d32b302c", "success": true, "failure_category": null, "charged_tokens": 441, "job_elapsed_seconds": 29.334064040998783, "cumulative_budget": {"seconds": 1824.4423918510006, "tokens": 24359, "cases": 69}}
{"case_id": "qualification-F-128", "attempt_id": "e191814c-b988-4f6c-a9c7-220709a9f464", "success": true, "failure_category": null, "charged_tokens": 1215, "job_elapsed_seconds": 60.80163810299928, "cumulative_budget": {"seconds": 1885.2440299539999, "tokens": 25574, "cases": 70}}
{"case_id": "L-c0-n32-r0", "attempt_id": "f0a66d6b-c08a-4fba-9d2e-d0ecee09b294", "success": true, "failure_category": null, "charged_tokens": 657, "job_elapsed_seconds": 37.3358502480005, "cumulative_budget": {"seconds": 1922.5798802020004, "tokens": 26231, "cases": 71}}
{"case_id": "F-c0-n32-r0", "attempt_id": "5b854e0d-4225-4829-8a3b-43a44c835df4", "success": true, "failure_category": null, "charged_tokens": 633, "job_elapsed_seconds": 36.83688197800075, "cumulative_budget": {"seconds": 1959.4167621800011, "tokens": 26864, "cases": 72}}
{"case_id": "F-c0-n32-r1", "attempt_id": "f4ff60f4-ba0b-40d9-bc98-74ebabbe8413", "success": true, "failure_category": null, "charged_tokens": 633, "job_elapsed_seconds": 36.26094474000274, "cumulative_budget": {"seconds": 1995.6777069200039, "tokens": 27497, "cases": 73}}
{"case_id": "L-c0-n32-r1", "attempt_id": "5a45929b-e342-40e7-8f73-5473ddbc131b", "success": true, "failure_category": null, "charged_tokens": 657, "job_elapsed_seconds": 37.900944115997845, "cumulative_budget": {"seconds": 2033.5786510360017, "tokens": 28154, "cases": 74}}
{"case_id": "F-c0-n128-r0", "attempt_id": "1df95187-e3e3-4979-9620-59feaa711ffc", "success": true, "failure_category": null, "charged_tokens": 1209, "job_elapsed_seconds": 60.79840204900029, "cumulative_budget": {"seconds": 2094.377053085002, "tokens": 29363, "cases": 75}}
{"case_id": "L-c0-n128-r0", "attempt_id": "4717ca65-63cc-49b3-a184-43d0c4864e26", "success": true, "failure_category": null, "charged_tokens": 1233, "job_elapsed_seconds": 61.3371722769989, "cumulative_budget": {"seconds": 2155.714225362001, "tokens": 30596, "cases": 76}}
{"case_id": "L-c0-n128-r1", "attempt_id": "7c476879-6c19-432f-b638-0e0688109088", "success": true, "failure_category": null, "charged_tokens": 1233, "job_elapsed_seconds": 61.86408197900164, "cumulative_budget": {"seconds": 2217.5783073410025, "tokens": 31829, "cases": 77}}
{"case_id": "F-c0-n128-r1", "attempt_id": "950df0d3-d96b-4436-b629-f5a8c83ce95e", "success": true, "failure_category": null, "charged_tokens": 1209, "job_elapsed_seconds": 60.82120317299996, "cumulative_budget": {"seconds": 2278.3995105140025, "tokens": 33038, "cases": 78}}
{"case_id": "F-c1-n32-r0", "attempt_id": "14834e00-bf27-4cbc-9d3a-2434e0d3a5d2", "success": true, "failure_category": null, "charged_tokens": 630, "job_elapsed_seconds": 36.823882291999325, "cumulative_budget": {"seconds": 2315.223392806002, "tokens": 33668, "cases": 79}}
{"case_id": "L-c1-n32-r0", "attempt_id": "393e27bd-fa1c-4265-aebb-7d7b8013da34", "success": true, "failure_category": null, "charged_tokens": 654, "job_elapsed_seconds": 38.39865879599893, "cumulative_budget": {"seconds": 2353.6220516020007, "tokens": 34322, "cases": 80}}
{"case_id": "L-c1-n32-r1", "attempt_id": "47a722fe-1d7b-42e6-b942-7581d18f6dff", "success": true, "failure_category": null, "charged_tokens": 654, "job_elapsed_seconds": 37.34956563600281, "cumulative_budget": {"seconds": 2390.9716172380035, "tokens": 34976, "cases": 81}}
{"case_id": "F-c1-n32-r1", "attempt_id": "f43dedf5-4ef5-4c31-b55c-416726c28661", "success": true, "failure_category": null, "charged_tokens": 630, "job_elapsed_seconds": 36.258832542000164, "cumulative_budget": {"seconds": 2427.2304497800037, "tokens": 35606, "cases": 82}}
{"case_id": "L-c1-n128-r0", "attempt_id": "450b03c1-14b3-4e6e-bb02-6dbdef1534e0", "success": true, "failure_category": null, "charged_tokens": 1230, "job_elapsed_seconds": 61.33999016500093, "cumulative_budget": {"seconds": 2488.5704399450046, "tokens": 36836, "cases": 83}}
{"case_id": "F-c1-n128-r0", "attempt_id": "74fb8ef2-bd30-49aa-a1b5-ea298383b932", "success": true, "failure_category": null, "charged_tokens": 1206, "job_elapsed_seconds": 60.26048984999943, "cumulative_budget": {"seconds": 2548.830929795004, "tokens": 38042, "cases": 84}}
{"case_id": "F-c1-n128-r1", "attempt_id": "12466c7a-3e92-4f12-b5c3-d75fa0b789a3", "success": true, "failure_category": null, "charged_tokens": 1206, "job_elapsed_seconds": 60.89340626400008, "cumulative_budget": {"seconds": 2609.724336059004, "tokens": 39248, "cases": 85}}
{"case_id": "L-c1-n128-r1", "attempt_id": "be084141-4efa-4231-ac0e-b9306ea8c4bc", "success": true, "failure_category": null, "charged_tokens": 1230, "job_elapsed_seconds": 62.41763469799844, "cumulative_budget": {"seconds": 2672.1419707570026, "tokens": 40478, "cases": 86}}
{"case_id": "L-c2-n32-r0", "attempt_id": "8f0bdbd8-0e76-430d-86f7-513cec6a3946", "success": true, "failure_category": null, "charged_tokens": 657, "job_elapsed_seconds": 37.32703436599695, "cumulative_budget": {"seconds": 2709.4690051229995, "tokens": 41135, "cases": 87}}
{"case_id": "F-c2-n32-r0", "attempt_id": "e067c247-4d13-417b-8322-c360b6f70fde", "success": true, "failure_category": null, "charged_tokens": 633, "job_elapsed_seconds": 36.7972276770015, "cumulative_budget": {"seconds": 2746.266232800001, "tokens": 41768, "cases": 88}}
{"case_id": "F-c2-n32-r1", "attempt_id": "a3473798-4ec1-4351-baed-fe40f1ad6cfd", "success": true, "failure_category": null, "charged_tokens": 633, "job_elapsed_seconds": 36.257640058000106, "cumulative_budget": {"seconds": 2782.523872858001, "tokens": 42401, "cases": 89}}
{"case_id": "L-c2-n32-r1", "attempt_id": "ecd4f2f2-0b57-4813-95f5-8dd93526803a", "success": true, "failure_category": null, "charged_tokens": 657, "job_elapsed_seconds": 37.35571788000016, "cumulative_budget": {"seconds": 2819.8795907380013, "tokens": 43058, "cases": 90}}
{"case_id": "F-c2-n128-r0", "attempt_id": "782d1886-aed3-43d0-aef6-0baa9f894b32", "success": true, "failure_category": null, "charged_tokens": 1209, "job_elapsed_seconds": 60.773493849999795, "cumulative_budget": {"seconds": 2880.653084588001, "tokens": 44267, "cases": 91}}
{"case_id": "L-c2-n128-r0", "attempt_id": "75f73e5e-a754-49c2-bb2c-be2524399046", "success": true, "failure_category": null, "charged_tokens": 1233, "job_elapsed_seconds": 62.412324212000385, "cumulative_budget": {"seconds": 2943.0654088000015, "tokens": 45500, "cases": 92}}
{"case_id": "L-c2-n128-r1", "attempt_id": "5a38e9bc-63b5-44d9-ad73-5eab98859253", "success": true, "failure_category": null, "charged_tokens": 1233, "job_elapsed_seconds": 60.83198364800046, "cumulative_budget": {"seconds": 3003.897392448002, "tokens": 46733, "cases": 93}}
{"case_id": "F-c2-n128-r1", "attempt_id": "5720171c-92b5-4973-84dc-7b24c6080e43", "success": true, "failure_category": null, "charged_tokens": 1209, "job_elapsed_seconds": 60.27883824899982, "cumulative_budget": {"seconds": 3064.1762306970018, "tokens": 47942, "cases": 94}}
{"case_id": "F-c3-n32-r0", "attempt_id": "895b8b55-da7b-4497-8591-ec4af7104716", "success": true, "failure_category": null, "charged_tokens": 639, "job_elapsed_seconds": 36.813624682999944, "cumulative_budget": {"seconds": 3100.9898553800017, "tokens": 48581, "cases": 95}}
{"case_id": "L-c3-n32-r0", "attempt_id": "643b943d-901a-4118-a75c-0ea46c67802c", "success": true, "failure_category": null, "charged_tokens": 663, "job_elapsed_seconds": 37.344991768997716, "cumulative_budget": {"seconds": 3138.3348471489994, "tokens": 49244, "cases": 96}}
{"case_id": "L-c3-n32-r1", "attempt_id": "0dc1583f-2ed3-4c20-b0fa-0a27ddfe39d5", "success": true, "failure_category": null, "charged_tokens": 663, "job_elapsed_seconds": 37.950487150999834, "cumulative_budget": {"seconds": 3176.2853342999992, "tokens": 49907, "cases": 97}}
{"case_id": "F-c3-n32-r1", "attempt_id": "95313d58-a7e3-4769-aec5-48bfde24d12f", "success": true, "failure_category": null, "charged_tokens": 639, "job_elapsed_seconds": 36.271568681000645, "cumulative_budget": {"seconds": 3212.556902981, "tokens": 50546, "cases": 98}}
{"case_id": "L-c3-n128-r0", "attempt_id": "d260dc4d-3328-4186-aa90-90c2cd4d9893", "success": true, "failure_category": null, "charged_tokens": 1239, "job_elapsed_seconds": 61.31322694899791, "cumulative_budget": {"seconds": 3273.870129929998, "tokens": 51785, "cases": 99}}
{"case_id": "F-c3-n128-r0", "attempt_id": "b980eda4-41fb-4d02-9629-b1f0ef844239", "success": true, "failure_category": null, "charged_tokens": 1215, "job_elapsed_seconds": 60.804022342999815, "cumulative_budget": {"seconds": 3334.6741522729976, "tokens": 53000, "cases": 100}}
{"case_id": "F-c3-n128-r1", "attempt_id": "a8633a8f-6057-4844-b6a7-2cd71cc09aa0", "success": true, "failure_category": null, "charged_tokens": 1215, "job_elapsed_seconds": 61.33237024199843, "cumulative_budget": {"seconds": 3396.006522514996, "tokens": 54215, "cases": 101}}
{"case_id": "L-c3-n128-r1", "attempt_id": "d802d176-a62d-4178-9fa8-03135203a78a", "success": true, "failure_category": null, "charged_tokens": 1239, "job_elapsed_seconds": 62.94759998399968, "cumulative_budget": {"seconds": 3458.9541224989957, "tokens": 55454, "cases": 102}}
{"case_id": "control-L-c0-n32-r0-A", "attempt_id": "389134be-b210-4c25-a420-28df1ca66826", "success": true, "failure_category": null, "charged_tokens": 438, "job_elapsed_seconds": 27.867559813999833, "cumulative_budget": {"seconds": 3486.8216823129956, "tokens": 55892, "cases": 103}}
{"case_id": "control-L-c0-n32-r0-B", "attempt_id": "d326de46-eba3-44bd-a83b-4fed2a0a871e", "success": true, "failure_category": null, "charged_tokens": 438, "job_elapsed_seconds": 30.398320960001, "cumulative_budget": {"seconds": 3517.2200032729966, "tokens": 56330, "cases": 104}}
{"case_id": "control-L-c0-n32-r0-C", "attempt_id": "64d2c385-7d96-469f-80fb-ad2c875a18bb", "success": true, "failure_category": null, "charged_tokens": 438, "job_elapsed_seconds": 30.39805982299731, "cumulative_budget": {"seconds": 3547.618063095994, "tokens": 56768, "cases": 105}}
{"case_id": "control-F-c0-n32-r0-A", "attempt_id": "74da15b0-38c8-46da-8c37-df69b7df09fd", "success": true, "failure_category": null, "charged_tokens": 422, "job_elapsed_seconds": 27.204400024002098, "cumulative_budget": {"seconds": 3574.822463119996, "tokens": 57190, "cases": 106}}
{"case_id": "control-F-c0-n32-r0-B", "attempt_id": "4227c6b9-a4d4-4e33-85b7-959e1e5033b4", "success": true, "failure_category": null, "charged_tokens": 422, "job_elapsed_seconds": 29.371174129999417, "cumulative_budget": {"seconds": 3604.1936372499954, "tokens": 57612, "cases": 107}}
{"case_id": "control-F-c0-n32-r0-C", "attempt_id": "82d457a6-56fe-4778-ab5e-cd52266c2f70", "success": true, "failure_category": null, "charged_tokens": 422, "job_elapsed_seconds": 29.34047624699815, "cumulative_budget": {"seconds": 3633.5341134969935, "tokens": 58034, "cases": 108}}
{"case_id": "control-F-c0-n32-r1-A", "attempt_id": "63489584-b91b-4ea5-91d9-3cd29b87dc95", "success": true, "failure_category": null, "charged_tokens": 422, "job_elapsed_seconds": 27.19826458999887, "cumulative_budget": {"seconds": 3660.7323780869924, "tokens": 58456, "cases": 109}}
{"case_id": "control-F-c0-n32-r1-B", "attempt_id": "1b6ad7f1-0b1c-4ce1-8acc-160a3f27f988", "success": true, "failure_category": null, "charged_tokens": 422, "job_elapsed_seconds": 29.324795688997256, "cumulative_budget": {"seconds": 3690.0571737759897, "tokens": 58878, "cases": 110}}
{"case_id": "control-F-c0-n32-r1-C", "attempt_id": "b76f80e1-5fd5-4462-a911-79026b779275", "success": true, "failure_category": null, "charged_tokens": 422, "job_elapsed_seconds": 29.334217962001276, "cumulative_budget": {"seconds": 3719.391391737991, "tokens": 59300, "cases": 111}}
{"case_id": "control-L-c0-n32-r1-A", "attempt_id": "8eed31c6-322c-425e-ab45-d3186709411d", "success": true, "failure_category": null, "charged_tokens": 438, "job_elapsed_seconds": 27.73800355500134, "cumulative_budget": {"seconds": 3747.1293952929923, "tokens": 59738, "cases": 112}}
{"case_id": "control-L-c0-n32-r1-B", "attempt_id": "6bd4aaee-1094-4d28-ae0d-03f430f4493f", "success": true, "failure_category": null, "charged_tokens": 438, "job_elapsed_seconds": 30.43888805899769, "cumulative_budget": {"seconds": 3777.56828335199, "tokens": 60176, "cases": 113}}
{"case_id": "control-L-c0-n32-r1-C", "attempt_id": "80b485aa-ef9e-41c7-8311-569859faa627", "success": true, "failure_category": null, "charged_tokens": 438, "job_elapsed_seconds": 30.422824793000473, "cumulative_budget": {"seconds": 3807.9911081449904, "tokens": 60614, "cases": 114}}
{"case_id": "control-F-c0-n128-r0-A", "attempt_id": "32f83443-65a9-4179-ab8f-20da819f7a4f", "success": true, "failure_category": null, "charged_tokens": 806, "job_elapsed_seconds": 40.52725518100124, "cumulative_budget": {"seconds": 3848.5183633259917, "tokens": 61420, "cases": 115}}
{"case_id": "control-F-c0-n128-r0-B", "attempt_id": "88593507-d9b1-487a-b407-12d627107f27", "success": true, "failure_category": null, "charged_tokens": 806, "job_elapsed_seconds": 45.87989253300111, "cumulative_budget": {"seconds": 3894.398255858993, "tokens": 62226, "cases": 116}}
{"case_id": "control-F-c0-n128-r0-C", "attempt_id": "33af2de8-b5d7-43d0-9dd7-4a1b402a329a", "success": true, "failure_category": null, "charged_tokens": 806, "job_elapsed_seconds": 45.30407921599908, "cumulative_budget": {"seconds": 3939.702335074992, "tokens": 63032, "cases": 117}}
{"case_id": "control-L-c0-n128-r0-A", "attempt_id": "fa715004-269a-4075-ba2a-0c22c7cad209", "success": true, "failure_category": null, "charged_tokens": 822, "job_elapsed_seconds": 40.52741436499855, "cumulative_budget": {"seconds": 3980.2297494399904, "tokens": 63854, "cases": 118}}
{"case_id": "control-L-c0-n128-r0-B", "attempt_id": "78c77e0e-ba79-4ff6-9916-8ac61cc6140e", "success": true, "failure_category": null, "charged_tokens": 822, "job_elapsed_seconds": 46.39905321500191, "cumulative_budget": {"seconds": 4026.6288026549923, "tokens": 64676, "cases": 119}}
{"case_id": "control-L-c0-n128-r0-C", "attempt_id": "f726edad-adf9-419b-995d-7deff89b33df", "success": true, "failure_category": null, "charged_tokens": 822, "job_elapsed_seconds": 46.93912135800201, "cumulative_budget": {"seconds": 4073.5679240129944, "tokens": 65498, "cases": 120}}
{"case_id": "control-L-c0-n128-r1-A", "attempt_id": "1519b0d9-c6c1-494b-8d59-dfa4f59c9a7c", "success": true, "failure_category": null, "charged_tokens": 822, "job_elapsed_seconds": 40.537533493999945, "cumulative_budget": {"seconds": 4114.105457506994, "tokens": 66320, "cases": 121}}
{"case_id": "control-L-c0-n128-r1-B", "attempt_id": "da15aeb2-6562-40f3-874e-04ad39008297", "success": true, "failure_category": null, "charged_tokens": 822, "job_elapsed_seconds": 46.42516769299982, "cumulative_budget": {"seconds": 4160.530625199994, "tokens": 67142, "cases": 122}}
{"case_id": "control-L-c0-n128-r1-C", "attempt_id": "91c4440c-b8b9-4a5f-b6de-1a8d09c5532e", "success": true, "failure_category": null, "charged_tokens": 822, "job_elapsed_seconds": 46.92579445099909, "cumulative_budget": {"seconds": 4207.456419650993, "tokens": 67964, "cases": 123}}
{"case_id": "control-F-c0-n128-r1-A", "attempt_id": "e9be092b-d35f-4376-9a4e-35fd9069aa6f", "success": true, "failure_category": null, "charged_tokens": 806, "job_elapsed_seconds": 40.022437211999204, "cumulative_budget": {"seconds": 4247.478856862992, "tokens": 68770, "cases": 124}}
{"case_id": "control-F-c0-n128-r1-B", "attempt_id": "66e82349-72ee-4467-8e4c-08c7d571675f", "success": true, "failure_category": null, "charged_tokens": 806, "job_elapsed_seconds": 45.88440800800163, "cumulative_budget": {"seconds": 4293.363264870994, "tokens": 69576, "cases": 125}}
{"case_id": "control-F-c0-n128-r1-C", "attempt_id": "d33fb267-2113-436d-b424-f7206d31da09", "success": true, "failure_category": null, "charged_tokens": 806, "job_elapsed_seconds": 45.87795483999798, "cumulative_budget": {"seconds": 4339.241219710992, "tokens": 70382, "cases": 126}}
{"case_id": "control-F-c1-n32-r0-A", "attempt_id": "f62dbea7-414e-4d4a-b528-6ecfc2acb09c", "success": true, "failure_category": null, "charged_tokens": 420, "job_elapsed_seconds": 27.219905914000265, "cumulative_budget": {"seconds": 4366.461125624992, "tokens": 70802, "cases": 127}}
{"case_id": "control-F-c1-n32-r0-B", "attempt_id": "eb35c450-de47-4a8a-be23-1f328537b5e1", "success": true, "failure_category": null, "charged_tokens": 420, "job_elapsed_seconds": 29.341218712001137, "cumulative_budget": {"seconds": 4395.802344336993, "tokens": 71222, "cases": 128}}
{"case_id": "control-F-c1-n32-r0-C", "attempt_id": "318c4135-0de6-4158-8f52-2a61baaef5fc", "success": true, "failure_category": null, "charged_tokens": 420, "job_elapsed_seconds": 29.86849438900026, "cumulative_budget": {"seconds": 4425.670838725993, "tokens": 71642, "cases": 129}}
{"case_id": "control-L-c1-n32-r0-A", "attempt_id": "a48b5c11-b954-45fa-858a-4cf0b5427bf4", "success": true, "failure_category": null, "charged_tokens": 436, "job_elapsed_seconds": 27.723309082000924, "cumulative_budget": {"seconds": 4453.394147807994, "tokens": 72078, "cases": 130}}
{"case_id": "control-L-c1-n32-r0-B", "attempt_id": "b9b3729b-8d55-4e29-bf08-bfb01dd55deb", "success": true, "failure_category": null, "charged_tokens": 436, "job_elapsed_seconds": 30.421776183000475, "cumulative_budget": {"seconds": 4483.815923990995, "tokens": 72514, "cases": 131}}
{"case_id": "control-L-c1-n32-r0-C", "attempt_id": "d9328df8-0d1e-4cf3-94fa-e312c7bcb55a", "success": true, "failure_category": null, "charged_tokens": 436, "job_elapsed_seconds": 29.86940207600128, "cumulative_budget": {"seconds": 4513.685326066996, "tokens": 72950, "cases": 132}}
{"case_id": "control-L-c1-n32-r1-A", "attempt_id": "2aaa29f8-f9c5-4477-8122-635f1d19ad2e", "success": true, "failure_category": null, "charged_tokens": 436, "job_elapsed_seconds": 27.726110390998656, "cumulative_budget": {"seconds": 4541.411436457995, "tokens": 73386, "cases": 133}}
{"case_id": "control-L-c1-n32-r1-B", "attempt_id": "04591a50-287a-4591-8d8f-58bc10174d10", "success": true, "failure_category": null, "charged_tokens": 436, "job_elapsed_seconds": 30.479267869999603, "cumulative_budget": {"seconds": 4571.890704327994, "tokens": 73822, "cases": 134}}
{"case_id": "control-L-c1-n32-r1-C", "attempt_id": "46bda95d-047a-4c7a-a616-fc89fa748ff1", "success": true, "failure_category": null, "charged_tokens": 436, "job_elapsed_seconds": 29.860731636999844, "cumulative_budget": {"seconds": 4601.751435964994, "tokens": 74258, "cases": 135}}
{"case_id": "control-F-c1-n32-r1-A", "attempt_id": "2f2cfc7d-4958-4b5e-84d4-3397a2e73f87", "success": true, "failure_category": null, "charged_tokens": 420, "job_elapsed_seconds": 27.203681262999453, "cumulative_budget": {"seconds": 4628.9551172279935, "tokens": 74678, "cases": 136}}
{"case_id": "control-F-c1-n32-r1-B", "attempt_id": "c14ac11a-4b1d-4eea-a2a2-f460d8cf3d38", "success": true, "failure_category": null, "charged_tokens": 420, "job_elapsed_seconds": 29.34232899199924, "cumulative_budget": {"seconds": 4658.297446219993, "tokens": 75098, "cases": 137}}
{"case_id": "control-F-c1-n32-r1-C", "attempt_id": "46bb367e-9c99-41b3-9426-6cba958165a5", "success": true, "failure_category": null, "charged_tokens": 420, "job_elapsed_seconds": 29.948156985999958, "cumulative_budget": {"seconds": 4688.245603205993, "tokens": 75518, "cases": 138}}
{"case_id": "control-L-c1-n128-r0-A", "attempt_id": "4dc753a4-4d78-4d10-a92b-2691a769a774", "success": true, "failure_category": null, "charged_tokens": 820, "job_elapsed_seconds": 40.55527081100081, "cumulative_budget": {"seconds": 4728.8008740169935, "tokens": 76338, "cases": 139}}
{"case_id": "control-L-c1-n128-r0-B", "attempt_id": "67feaa42-cf3e-4098-a9bc-38f8e8985168", "success": true, "failure_category": null, "charged_tokens": 820, "job_elapsed_seconds": 46.93605413399928, "cumulative_budget": {"seconds": 4775.736928150993, "tokens": 77158, "cases": 140}}
{"case_id": "control-L-c1-n128-r0-C", "attempt_id": "eb4730c2-9e88-45cc-ade6-31bcd9489596", "success": true, "failure_category": null, "charged_tokens": 820, "job_elapsed_seconds": 46.93481468000027, "cumulative_budget": {"seconds": 4822.671742830993, "tokens": 77978, "cases": 141}}
{"case_id": "control-F-c1-n128-r0-A", "attempt_id": "d702976b-eb2f-4344-8a82-e0726abc1b42", "success": true, "failure_category": null, "charged_tokens": 804, "job_elapsed_seconds": 40.01751778200196, "cumulative_budget": {"seconds": 4862.689260612995, "tokens": 78782, "cases": 142}}
{"case_id": "control-F-c1-n128-r0-B", "attempt_id": "52af6a7d-5e81-4a4d-ac4d-7be096ed6df1", "success": true, "failure_category": null, "charged_tokens": 804, "job_elapsed_seconds": 46.430942851999134, "cumulative_budget": {"seconds": 4909.120203464994, "tokens": 79586, "cases": 143}}
{"case_id": "control-F-c1-n128-r0-C", "attempt_id": "16b2f35d-5731-4a81-93a8-264d87226728", "success": true, "failure_category": null, "charged_tokens": 804, "job_elapsed_seconds": 45.867091694999544, "cumulative_budget": {"seconds": 4954.987295159994, "tokens": 80390, "cases": 144}}
{"case_id": "control-F-c1-n128-r1-A", "attempt_id": "e12f6ebf-301b-403a-a314-0d5ae31e337d", "success": true, "failure_category": null, "charged_tokens": 804, "job_elapsed_seconds": 40.03301576499871, "cumulative_budget": {"seconds": 4995.020310924992, "tokens": 81194, "cases": 145}}
{"case_id": "control-F-c1-n128-r1-B", "attempt_id": "26aae193-26e3-4a6d-9c40-1f6cb35ea710", "success": true, "failure_category": null, "charged_tokens": 804, "job_elapsed_seconds": 46.39331965599922, "cumulative_budget": {"seconds": 5041.413630580992, "tokens": 81998, "cases": 146}}
{"case_id": "control-F-c1-n128-r1-C", "attempt_id": "6138e5f9-889c-4e8c-bebd-455cae86593a", "success": true, "failure_category": null, "charged_tokens": 804, "job_elapsed_seconds": 45.32541901899822, "cumulative_budget": {"seconds": 5086.73904959999, "tokens": 82802, "cases": 147}}
{"case_id": "control-L-c1-n128-r1-A", "attempt_id": "8976c8d7-6ed2-47de-ae24-6e1a0cc7db8e", "success": true, "failure_category": null, "charged_tokens": 820, "job_elapsed_seconds": 40.545882948001235, "cumulative_budget": {"seconds": 5127.284932547991, "tokens": 83622, "cases": 148}}
{"case_id": "control-L-c1-n128-r1-B", "attempt_id": "3633278e-e767-4c25-aa4c-15092c0f3018", "success": true, "failure_category": null, "charged_tokens": 820, "job_elapsed_seconds": 46.396832622001966, "cumulative_budget": {"seconds": 5173.681765169993, "tokens": 84442, "cases": 149}}
{"case_id": "control-L-c1-n128-r1-C", "attempt_id": "b6782a3e-8dd6-4170-954b-96a6e269dc66", "success": true, "failure_category": null, "charged_tokens": 820, "job_elapsed_seconds": 46.928238199998304, "cumulative_budget": {"seconds": 5220.610003369991, "tokens": 85262, "cases": 150}}
{"case_id": "control-L-c2-n32-r0-A", "attempt_id": "9237cea7-15d9-493f-9153-b1183545471a", "success": true, "failure_category": null, "charged_tokens": 438, "job_elapsed_seconds": 28.25420522999775, "cumulative_budget": {"seconds": 5248.864208599989, "tokens": 85700, "cases": 151}}
{"case_id": "control-L-c2-n32-r0-B", "attempt_id": "074e81ac-2b93-4653-8774-1f1c6d6548a6", "success": true, "failure_category": null, "charged_tokens": 438, "job_elapsed_seconds": 30.41845450800247, "cumulative_budget": {"seconds": 5279.2826631079915, "tokens": 86138, "cases": 152}}
{"case_id": "control-L-c2-n32-r0-C", "attempt_id": "f3a4ca42-4d9b-452b-af49-9543fb802185", "success": true, "failure_category": null, "charged_tokens": 438, "job_elapsed_seconds": 30.46733250500256, "cumulative_budget": {"seconds": 5309.749995612994, "tokens": 86576, "cases": 153}}
{"case_id": "control-F-c2-n32-r0-A", "attempt_id": "0409763b-545e-4861-8748-12d3c3a5b17d", "success": true, "failure_category": null, "charged_tokens": 422, "job_elapsed_seconds": 27.19099491599991, "cumulative_budget": {"seconds": 5336.940990528994, "tokens": 86998, "cases": 154}}
{"case_id": "control-F-c2-n32-r0-B", "attempt_id": "ba342957-dca3-409b-81c1-35fa039af7dd", "success": true, "failure_category": null, "charged_tokens": 422, "job_elapsed_seconds": 29.34158072399805, "cumulative_budget": {"seconds": 5366.282571252992, "tokens": 87420, "cases": 155}}
{"case_id": "control-F-c2-n32-r0-C", "attempt_id": "4fd11675-5272-47c8-ac3b-f57029e38920", "success": true, "failure_category": null, "charged_tokens": 422, "job_elapsed_seconds": 29.339734138000495, "cumulative_budget": {"seconds": 5395.622305390993, "tokens": 87842, "cases": 156}}
{"case_id": "control-F-c2-n32-r1-A", "attempt_id": "a23f0226-cf65-441a-8228-b7c6bfd5c7f7", "success": true, "failure_category": null, "charged_tokens": 422, "job_elapsed_seconds": 27.74487218500144, "cumulative_budget": {"seconds": 5423.367177575994, "tokens": 88264, "cases": 157}}
{"case_id": "control-F-c2-n32-r1-B", "attempt_id": "777332a2-b113-4a99-a103-df2a91ca1111", "success": true, "failure_category": null, "charged_tokens": 422, "job_elapsed_seconds": 29.334726733002753, "cumulative_budget": {"seconds": 5452.701904308997, "tokens": 88686, "cases": 158}}
{"case_id": "control-F-c2-n32-r1-C", "attempt_id": "971dd77c-2a81-45a6-9958-5f3958827870", "success": true, "failure_category": null, "charged_tokens": 422, "job_elapsed_seconds": 29.335063275997527, "cumulative_budget": {"seconds": 5482.036967584994, "tokens": 89108, "cases": 159}}
{"case_id": "control-L-c2-n32-r1-A", "attempt_id": "2992d5c0-2685-437e-ba46-183bb2c0e95e", "success": true, "failure_category": null, "charged_tokens": 438, "job_elapsed_seconds": 27.734251810998103, "cumulative_budget": {"seconds": 5509.771219395992, "tokens": 89546, "cases": 160}}
{"case_id": "control-L-c2-n32-r1-B", "attempt_id": "cfb35039-de7e-48b0-b779-3c57af15ffd4", "success": true, "failure_category": null, "charged_tokens": 438, "job_elapsed_seconds": 29.869454268999107, "cumulative_budget": {"seconds": 5539.6406736649915, "tokens": 89984, "cases": 161}}
{"case_id": "control-L-c2-n32-r1-C", "attempt_id": "70ed1c79-4ef6-428f-b315-9a0147a1f599", "success": true, "failure_category": null, "charged_tokens": 438, "job_elapsed_seconds": 29.877169090999814, "cumulative_budget": {"seconds": 5569.517842755991, "tokens": 90422, "cases": 162}}
{"case_id": "control-F-c2-n128-r0-A", "attempt_id": "1190847a-ffd1-4ec5-9619-aa45e2a764a1", "success": true, "failure_category": null, "charged_tokens": 806, "job_elapsed_seconds": 40.05957018800109, "cumulative_budget": {"seconds": 5609.577412943992, "tokens": 91228, "cases": 163}}
{"case_id": "control-F-c2-n128-r0-B", "attempt_id": "aa792367-3475-4a42-8eb1-fefb9952eb70", "success": true, "failure_category": null, "charged_tokens": 806, "job_elapsed_seconds": 45.87769631400079, "cumulative_budget": {"seconds": 5655.455109257993, "tokens": 92034, "cases": 164}}
{"case_id": "control-F-c2-n128-r0-C", "attempt_id": "858eb401-c52f-4b21-bb11-5e5bd16effff", "success": true, "failure_category": null, "charged_tokens": 806, "job_elapsed_seconds": 45.86588654300067, "cumulative_budget": {"seconds": 5701.320995800994, "tokens": 92840, "cases": 165}}
{"case_id": "control-L-c2-n128-r0-A", "attempt_id": "c62f0d44-1ad1-4669-b88e-16be255ffc2e", "success": true, "failure_category": null, "charged_tokens": 822, "job_elapsed_seconds": 41.0931724400034, "cumulative_budget": {"seconds": 5742.414168240997, "tokens": 93662, "cases": 166}}
{"case_id": "control-L-c2-n128-r0-B", "attempt_id": "19390fda-0c6a-42bc-8d03-350f40c204c2", "success": true, "failure_category": null, "charged_tokens": 822, "job_elapsed_seconds": 46.94982013999834, "cumulative_budget": {"seconds": 5789.363988380996, "tokens": 94484, "cases": 167}}
{"case_id": "control-L-c2-n128-r0-C", "attempt_id": "18cfed42-ecaa-40ad-a6d8-38fd1ca1ef92", "success": true, "failure_category": null, "charged_tokens": 822, "job_elapsed_seconds": 46.412001749999035, "cumulative_budget": {"seconds": 5835.775990130995, "tokens": 95306, "cases": 168}}
{"case_id": "control-L-c2-n128-r1-A", "attempt_id": "2acc88a9-344c-4840-8a91-a46c4606cc86", "success": true, "failure_category": null, "charged_tokens": 822, "job_elapsed_seconds": 40.54232478300037, "cumulative_budget": {"seconds": 5876.318314913995, "tokens": 96128, "cases": 169}}
{"case_id": "control-L-c2-n128-r1-B", "attempt_id": "3c207e4b-ad87-499c-8b6b-711544d7163b", "success": true, "failure_category": null, "charged_tokens": 822, "job_elapsed_seconds": 46.42208146499979, "cumulative_budget": {"seconds": 5922.740396378995, "tokens": 96950, "cases": 170}}
{"case_id": "control-L-c2-n128-r1-C", "attempt_id": "043c401f-96f1-4132-93bd-b150e3646c77", "success": true, "failure_category": null, "charged_tokens": 822, "job_elapsed_seconds": 46.404292797997186, "cumulative_budget": {"seconds": 5969.144689176992, "tokens": 97772, "cases": 171}}
{"case_id": "control-F-c2-n128-r1-A", "attempt_id": "379fbdc5-473e-481c-b6da-c4192cc619a7", "success": true, "failure_category": null, "charged_tokens": 806, "job_elapsed_seconds": 39.47153584300031, "cumulative_budget": {"seconds": 6008.616225019992, "tokens": 98578, "cases": 172}}
{"case_id": "control-F-c2-n128-r1-B", "attempt_id": "aa04feae-4c16-4ad4-9b05-0b31930b8ac3", "success": true, "failure_category": null, "charged_tokens": 806, "job_elapsed_seconds": 46.41239381000196, "cumulative_budget": {"seconds": 6055.028618829994, "tokens": 99384, "cases": 173}}
{"case_id": "control-F-c2-n128-r1-C", "attempt_id": "63286ba3-b3da-4838-9f3e-c26c57e0301b", "success": true, "failure_category": null, "charged_tokens": 806, "job_elapsed_seconds": 45.87699548799719, "cumulative_budget": {"seconds": 6100.905614317991, "tokens": 100190, "cases": 174}}
{"case_id": "control-F-c3-n32-r0-A", "attempt_id": "1409155d-1350-469b-a1e2-b05887b1a926", "success": true, "failure_category": null, "charged_tokens": 426, "job_elapsed_seconds": 27.19144298199899, "cumulative_budget": {"seconds": 6128.09705729999, "tokens": 100616, "cases": 175}}
{"case_id": "control-F-c3-n32-r0-B", "attempt_id": "b77471a2-4cf3-4020-b5f3-4fb6bb9cf9dc", "success": true, "failure_category": null, "charged_tokens": 426, "job_elapsed_seconds": 29.871463130999473, "cumulative_budget": {"seconds": 6157.96852043099, "tokens": 101042, "cases": 176}}
{"case_id": "control-F-c3-n32-r0-C", "attempt_id": "dcf34e6a-0753-4ce2-a6f3-623a487dfd40", "success": true, "failure_category": null, "charged_tokens": 426, "job_elapsed_seconds": 30.424221436998778, "cumulative_budget": {"seconds": 6188.392741867989, "tokens": 101468, "cases": 177}}
{"case_id": "control-L-c3-n32-r0-A", "attempt_id": "b510781b-c3bd-47ff-9cc5-8b782e80651e", "success": true, "failure_category": null, "charged_tokens": 442, "job_elapsed_seconds": 28.819918614000926, "cumulative_budget": {"seconds": 6217.21266048199, "tokens": 101910, "cases": 178}}
{"case_id": "control-L-c3-n32-r0-B", "attempt_id": "bfb51cfb-2075-4b11-8cf2-a5c54831b057", "success": true, "failure_category": null, "charged_tokens": 442, "job_elapsed_seconds": 30.92427502600185, "cumulative_budget": {"seconds": 6248.136935507991, "tokens": 102352, "cases": 179}}
{"case_id": "control-L-c3-n32-r0-C", "attempt_id": "5f39f876-c3ac-4c93-a31a-5ea7e9b5920c", "success": true, "failure_category": null, "charged_tokens": 442, "job_elapsed_seconds": 30.97025273300096, "cumulative_budget": {"seconds": 6279.107188240992, "tokens": 102794, "cases": 180}}
{"case_id": "control-L-c3-n32-r1-A", "attempt_id": "3d5c868a-d148-4684-8d9c-6a95065ce240", "success": true, "failure_category": null, "charged_tokens": 442, "job_elapsed_seconds": 27.730713629000093, "cumulative_budget": {"seconds": 6306.8379018699925, "tokens": 103236, "cases": 181}}
{"case_id": "control-L-c3-n32-r1-B", "attempt_id": "430bcb8a-e045-4f6b-a232-2571316c1c22", "success": true, "failure_category": null, "charged_tokens": 442, "job_elapsed_seconds": 30.39480299600109, "cumulative_budget": {"seconds": 6337.232704865994, "tokens": 103678, "cases": 182}}
{"case_id": "control-L-c3-n32-r1-C", "attempt_id": "dcb1d0fb-363a-414a-b3ad-5af016a8ef77", "success": true, "failure_category": null, "charged_tokens": 442, "job_elapsed_seconds": 30.401349116000347, "cumulative_budget": {"seconds": 6367.634053981994, "tokens": 104120, "cases": 183}}
{"case_id": "control-F-c3-n32-r1-A", "attempt_id": "eb6df938-048b-43e7-844d-fc2797741500", "success": true, "failure_category": null, "charged_tokens": 426, "job_elapsed_seconds": 27.756364602999383, "cumulative_budget": {"seconds": 6395.390418584993, "tokens": 104546, "cases": 184}}
{"case_id": "control-F-c3-n32-r1-B", "attempt_id": "7980dd23-5172-43ae-8452-bc0bafabd69a", "success": true, "failure_category": null, "charged_tokens": 426, "job_elapsed_seconds": 29.876900650000607, "cumulative_budget": {"seconds": 6425.267319234994, "tokens": 104972, "cases": 185}}
{"case_id": "control-F-c3-n32-r1-C", "attempt_id": "1a3a2681-1b7d-4d3a-ab5d-0270b83922fb", "success": true, "failure_category": null, "charged_tokens": 426, "job_elapsed_seconds": 29.88614533099826, "cumulative_budget": {"seconds": 6455.153464565992, "tokens": 105398, "cases": 186}}
{"case_id": "control-L-c3-n128-r0-A", "attempt_id": "b058648f-e53a-4c0b-970d-b19d38183f42", "success": true, "failure_category": null, "charged_tokens": 826, "job_elapsed_seconds": 40.534989489999134, "cumulative_budget": {"seconds": 6495.688454055991, "tokens": 106224, "cases": 187}}
{"case_id": "control-L-c3-n128-r0-B", "attempt_id": "0af5653f-f85e-4298-bce5-67581dee8c07", "success": true, "failure_category": null, "charged_tokens": 826, "job_elapsed_seconds": 46.94705918700129, "cumulative_budget": {"seconds": 6542.635513242993, "tokens": 107050, "cases": 188}}
{"case_id": "control-L-c3-n128-r0-C", "attempt_id": "3eba6507-5fbb-406a-a196-d367bcce6a94", "success": true, "failure_category": null, "charged_tokens": 826, "job_elapsed_seconds": 46.408646486997895, "cumulative_budget": {"seconds": 6589.0441597299905, "tokens": 107876, "cases": 189}}
{"case_id": "control-F-c3-n128-r0-A", "attempt_id": "9701e770-d2f0-4b23-82c5-3a14b49ecd02", "success": true, "failure_category": null, "charged_tokens": 810, "job_elapsed_seconds": 40.01733452899862, "cumulative_budget": {"seconds": 6629.061494258989, "tokens": 108686, "cases": 190}}
{"case_id": "control-F-c3-n128-r0-B", "attempt_id": "54145e08-1a69-432e-acdd-9c9dcc995814", "success": true, "failure_category": null, "charged_tokens": 810, "job_elapsed_seconds": 45.847215473997494, "cumulative_budget": {"seconds": 6674.908709732987, "tokens": 109496, "cases": 191}}
{"case_id": "control-F-c3-n128-r0-C", "attempt_id": "c04c8a25-a71f-4698-9938-4dd7cbbfd411", "success": true, "failure_category": null, "charged_tokens": 810, "job_elapsed_seconds": 45.85639023800104, "cumulative_budget": {"seconds": 6720.765099970988, "tokens": 110306, "cases": 192}}
{"case_id": "control-F-c3-n128-r1-A", "attempt_id": "0fec6120-4bc5-4bdc-a4cb-afc06e4780e2", "success": true, "failure_category": null, "charged_tokens": 808, "job_elapsed_seconds": 41.065470851997816, "cumulative_budget": {"seconds": 6761.8305708229855, "tokens": 111114, "cases": 193}}
{"case_id": "control-F-c3-n128-r1-B", "attempt_id": "f1469ac4-b918-415e-86e4-2f43518ff2e0", "success": true, "failure_category": null, "charged_tokens": 810, "job_elapsed_seconds": 45.87719131099948, "cumulative_budget": {"seconds": 6807.707762133985, "tokens": 111924, "cases": 194}}
{"case_id": "control-F-c3-n128-r1-C", "attempt_id": "7ef98eea-8a1c-4a74-82b5-15aaac96d241", "success": true, "failure_category": null, "charged_tokens": 810, "job_elapsed_seconds": 45.87636894600291, "cumulative_budget": {"seconds": 6853.584131079988, "tokens": 112734, "cases": 195}}
{"case_id": "control-L-c3-n128-r1-A", "attempt_id": "9e587f4a-775d-4b72-9c61-1a5198b3b195", "success": true, "failure_category": null, "charged_tokens": 826, "job_elapsed_seconds": 40.52626231800241, "cumulative_budget": {"seconds": 6894.11039339799, "tokens": 113560, "cases": 196}}
{"case_id": "control-L-c3-n128-r1-B", "attempt_id": "b3a53112-6830-4771-87b7-f524c54efd0b", "success": true, "failure_category": null, "charged_tokens": 826, "job_elapsed_seconds": 47.54365310100184, "cumulative_budget": {"seconds": 6941.654046498992, "tokens": 114386, "cases": 197}}
{"case_id": "control-L-c3-n128-r1-C", "attempt_id": "24a01643-fc5a-41bf-98b9-e679236c9e4a", "success": true, "failure_category": null, "charged_tokens": 826, "job_elapsed_seconds": 46.40774385599798, "cumulative_budget": {"seconds": 6988.06179035499, "tokens": 115212, "cases": 198}}
{"case_id": "Calgacus-c0-n32", "attempt_id": "407ce1fb-6006-4265-a94f-b66238b4955e", "success": false, "failure_category": "tokenization_serialization_drift", "charged_tokens": 657, "job_elapsed_seconds": 34.66381717799959, "cumulative_budget": {"seconds": 7022.72560753299, "tokens": 115869, "cases": 199}}
{"case_id": "Calgacus-c0-n128", "attempt_id": "04b3bbbe-f99f-47eb-8bcb-f6c8abddb0a7", "success": true, "failure_category": null, "charged_tokens": 1155, "job_elapsed_seconds": 50.14648635100093, "cumulative_budget": {"seconds": 7072.872093883991, "tokens": 117024, "cases": 200}}
{"case_id": "Calgacus-c1-n32", "attempt_id": "1d6c87c8-f6a9-4499-bcb3-a3319642fc45", "success": true, "failure_category": null, "charged_tokens": 618, "job_elapsed_seconds": 33.590982011999586, "cumulative_budget": {"seconds": 7106.46307589599, "tokens": 117642, "cases": 201}}
{"case_id": "Calgacus-c1-n128", "attempt_id": "4f558ed6-6ac8-4bde-a5b4-a7a4914ce7ff", "success": false, "failure_category": "tokenization_serialization_drift", "charged_tokens": 1188, "job_elapsed_seconds": 51.740915239999595, "cumulative_budget": {"seconds": 7158.20399113599, "tokens": 118830, "cases": 202}}
{"case_id": "Calgacus-c2-n32", "attempt_id": "55329715-5b19-4dd5-b737-9ed4441490ab", "success": true, "failure_category": null, "charged_tokens": 663, "job_elapsed_seconds": 35.22193995899943, "cumulative_budget": {"seconds": 7193.425931094989, "tokens": 119493, "cases": 203}}
{"case_id": "Calgacus-c2-n128", "attempt_id": "f27d2b89-d9f0-4f83-b453-e5acfb7c4cf5", "success": true, "failure_category": null, "charged_tokens": 1209, "job_elapsed_seconds": 52.26821340900278, "cumulative_budget": {"seconds": 7245.694144503992, "tokens": 120702, "cases": 204}}
{"case_id": "Calgacus-c3-n32", "attempt_id": "d8d04eb5-3e51-4eb5-87f4-095181665598", "success": false, "failure_category": "tokenization_serialization_drift", "charged_tokens": 625, "job_elapsed_seconds": 33.601656185997854, "cumulative_budget": {"seconds": 7279.29580068999, "tokens": 121327, "cases": 205}}
{"case_id": "Calgacus-c3-n128", "attempt_id": "f48b6571-c829-4f6e-96cb-f5c9c5c07b5e", "success": false, "failure_category": "tokenization_serialization_drift", "charged_tokens": 1179, "job_elapsed_seconds": 51.200000068998634, "cumulative_budget": {"seconds": 7330.4958007589885, "tokens": 122506, "cases": 206}}
{"case_id": "replay-00", "attempt_id": "df0fc465-b93a-4c76-857f-37992f0dc592", "success": true, "failure_category": null, "charged_tokens": 219, "job_elapsed_seconds": 22.41588521900121, "cumulative_budget": {"seconds": 7352.91168597799, "tokens": 122725, "cases": 207}}
{"case_id": "replay-01", "attempt_id": "5e5d6abf-f1d6-4035-a37b-bbc397115731", "success": true, "failure_category": null, "charged_tokens": 211, "job_elapsed_seconds": 22.48588585700054, "cumulative_budget": {"seconds": 7375.39757183499, "tokens": 122936, "cases": 208}}
{"case_id": "replay-02", "attempt_id": "1a6a845f-7d71-4739-a4ba-3b4f85166246", "success": true, "failure_category": null, "charged_tokens": 411, "job_elapsed_seconds": 30.416504764998535, "cumulative_budget": {"seconds": 7405.814076599989, "tokens": 123347, "cases": 209}}
{"case_id": "replay-03", "attempt_id": "83dc1d8b-5a45-4ec3-b603-7a527d11bfd2", "success": true, "failure_category": null, "charged_tokens": 403, "job_elapsed_seconds": 30.392485196000052, "cumulative_budget": {"seconds": 7436.206561795989, "tokens": 123750, "cases": 210}}
{"case_id": "replay-04", "attempt_id": "e79e520c-7d56-4f25-9207-842a27da12a9", "success": true, "failure_category": null, "charged_tokens": 219, "job_elapsed_seconds": 22.39389394799946, "cumulative_budget": {"seconds": 7458.600455743988, "tokens": 123969, "cases": 211}}
{"case_id": "replay-05", "attempt_id": "0b580a2e-571e-4185-825c-efaad72e06d4", "success": true, "failure_category": null, "charged_tokens": 211, "job_elapsed_seconds": 22.446569912997802, "cumulative_budget": {"seconds": 7481.047025656986, "tokens": 124180, "cases": 212}}
{"case_id": "replay-06", "attempt_id": "26782aa9-76cf-4f08-8880-3d1c8c8f4ad0", "success": true, "failure_category": null, "charged_tokens": 411, "job_elapsed_seconds": 30.408323798998026, "cumulative_budget": {"seconds": 7511.455349455984, "tokens": 124591, "cases": 213}}
{"case_id": "replay-07", "attempt_id": "41e80278-da03-4041-aacb-3f17b173906f", "success": true, "failure_category": null, "charged_tokens": 403, "job_elapsed_seconds": 30.429535906998353, "cumulative_budget": {"seconds": 7541.8848853629825, "tokens": 124994, "cases": 214}}
{"schema_version": 1, "tested_code_commit": "404904dfd9d8a44212db1bc42ba1a54a83cbb48c", "skipped": [], "allocation_id": "stage6_framing_2026_09_18", "stop_reason": "Frozen 150-slot allocation completed; unused investigation allowance not spent", "lifetime_usage": {"seconds": 7541.8848853629825, "tokens": 124994, "cases": 214}, "stage6_usage": {"seconds": 5809.186128039983, "tokens": 101145, "cases": 150}, "recorded_outcomes": 150}
