{"case_id": "prefix-predict-c0", "attempt_id": "67be93ae-7957-4e6c-bf3d-8b045f66a093", "success": true, "failure_category": null, "charged_tokens": 17, "job_elapsed_seconds": 16.115671255998677, "cumulative_budget": {"seconds": 1417.645188738003, "tokens": 23516, "cases": 44}}
{"case_id": "prefix-predict-c1", "attempt_id": "081035c9-c80c-4310-9056-832d53165f0b", "success": true, "failure_category": null, "charged_tokens": 18, "job_elapsed_seconds": 16.02488963199903, "cumulative_budget": {"seconds": 1433.670078370002, "tokens": 23534, "cases": 45}}
{"case_id": "prefix-predict-c2", "attempt_id": "e27e7e56-c970-41c0-a98c-b3cea7b9fb2a", "success": true, "failure_category": null, "charged_tokens": 15, "job_elapsed_seconds": 15.47703380799976, "cumulative_budget": {"seconds": 1449.1471121780019, "tokens": 23549, "cases": 46}}
{"case_id": "prefix-c0-A-s2026092101", "attempt_id": "daf9f9ba-da41-47fb-a045-7a77b1c8236a", "success": true, "failure_category": null, "charged_tokens": 17, "job_elapsed_seconds": 15.49054204300046, "cumulative_budget": {"seconds": 1464.6376542210023, "tokens": 23566, "cases": 47}}
{"case_id": "prefix-c0-A-s2026092102", "attempt_id": "fcf0a006-a09e-4f9b-945b-6184a2551a4a", "success": true, "failure_category": null, "charged_tokens": 17, "job_elapsed_seconds": 16.017106920000515, "cumulative_budget": {"seconds": 1480.6547611410028, "tokens": 23583, "cases": 48}}
{"case_id": "prefix-c0-B-s2026092101", "attempt_id": "7da15a37-fdaf-4e63-b299-f1079c6de1e5", "success": true, "failure_category": null, "charged_tokens": 17, "job_elapsed_seconds": 15.478217886999118, "cumulative_budget": {"seconds": 1496.132979028002, "tokens": 23600, "cases": 49}}
{"case_id": "prefix-c0-B-s2026092102", "attempt_id": "396ebecf-e157-4974-9e1a-28b08fab9a48", "success": true, "failure_category": null, "charged_tokens": 17, "job_elapsed_seconds": 15.457986874998824, "cumulative_budget": {"seconds": 1511.5909659030008, "tokens": 23617, "cases": 50}}
{"case_id": "prefix-c0-C-s2026092101", "attempt_id": "54aa631a-455e-4eb9-abab-b89e5bdb6da9", "success": true, "failure_category": null, "charged_tokens": 17, "job_elapsed_seconds": 16.023486796000725, "cumulative_budget": {"seconds": 1527.6144526990015, "tokens": 23634, "cases": 51}}
{"case_id": "prefix-c0-C-s2026092102", "attempt_id": "4de9f437-a910-459c-9e10-b35ac5c53eaf", "success": true, "failure_category": null, "charged_tokens": 17, "job_elapsed_seconds": 15.458970427000168, "cumulative_budget": {"seconds": 1543.0734231260017, "tokens": 23651, "cases": 52}}
{"case_id": "prefix-c1-A-s2026092101", "attempt_id": "9976a5cc-3b23-423d-9a7b-572b2d51d960", "success": true, "failure_category": null, "charged_tokens": 18, "job_elapsed_seconds": 15.47936003399991, "cumulative_budget": {"seconds": 1558.5527831600016, "tokens": 23669, "cases": 53}}
{"case_id": "prefix-c1-A-s2026092102", "attempt_id": "4679dc79-7bc3-4a22-9a24-c7f4b1ccfaa1", "success": true, "failure_category": null, "charged_tokens": 18, "job_elapsed_seconds": 15.50913513299929, "cumulative_budget": {"seconds": 1574.0619182930009, "tokens": 23687, "cases": 54}}
{"case_id": "prefix-c1-B-s2026092101", "attempt_id": "66d6ab88-7870-4282-850f-2aba69b3ff9b", "success": true, "failure_category": null, "charged_tokens": 18, "job_elapsed_seconds": 16.000578111999857, "cumulative_budget": {"seconds": 1590.0624964050007, "tokens": 23705, "cases": 55}}
{"case_id": "prefix-c1-B-s2026092102", "attempt_id": "9ebe7883-db41-4a7d-9976-c8271dc22c70", "success": true, "failure_category": null, "charged_tokens": 18, "job_elapsed_seconds": 16.007870591998653, "cumulative_budget": {"seconds": 1606.0703669969994, "tokens": 23723, "cases": 56}}
{"case_id": "prefix-c1-C-s2026092101", "attempt_id": "b5407b9d-5870-4858-9062-89a005cef6e4", "success": true, "failure_category": null, "charged_tokens": 18, "job_elapsed_seconds": 16.012088949000827, "cumulative_budget": {"seconds": 1622.0824559460002, "tokens": 23741, "cases": 57}}
{"case_id": "prefix-c1-C-s2026092102", "attempt_id": "3d335ba7-2e90-4ae8-a429-efbe8ebd2a5c", "success": true, "failure_category": null, "charged_tokens": 18, "job_elapsed_seconds": 15.493798556000911, "cumulative_budget": {"seconds": 1637.5762545020011, "tokens": 23759, "cases": 58}}
{"case_id": "prefix-c2-A-s2026092101", "attempt_id": "30c71db1-2e2d-4b10-a1dd-5bf84b50497c", "success": true, "failure_category": null, "charged_tokens": 15, "job_elapsed_seconds": 15.481405139000344, "cumulative_budget": {"seconds": 1653.0576596410015, "tokens": 23774, "cases": 59}}
{"case_id": "prefix-c2-A-s2026092102", "attempt_id": "578e6a94-b1d6-4ecb-b255-28f24408ed18", "success": true, "failure_category": null, "charged_tokens": 15, "job_elapsed_seconds": 16.060546287999387, "cumulative_budget": {"seconds": 1669.1182059290009, "tokens": 23789, "cases": 60}}
{"case_id": "prefix-c2-B-s2026092101", "attempt_id": "5f4df386-ac33-47a8-841d-f3715c977ccb", "success": true, "failure_category": null, "charged_tokens": 15, "job_elapsed_seconds": 15.994725388000006, "cumulative_budget": {"seconds": 1685.1129313170009, "tokens": 23804, "cases": 61}}
{"case_id": "prefix-c2-B-s2026092102", "attempt_id": "d3b770ee-59d0-4eac-9439-e9c08e1a3fc4", "success": true, "failure_category": null, "charged_tokens": 15, "job_elapsed_seconds": 15.483495649999895, "cumulative_budget": {"seconds": 1700.5964269670008, "tokens": 23819, "cases": 62}}
{"case_id": "prefix-c2-C-s2026092101", "attempt_id": "858fd166-1e7b-45c0-83c6-980377b02c3a", "success": true, "failure_category": null, "charged_tokens": 15, "job_elapsed_seconds": 16.06107225499909, "cumulative_budget": {"seconds": 1716.6574992219998, "tokens": 23834, "cases": 63}}
{"case_id": "prefix-c2-C-s2026092102", "attempt_id": "bb7840b4-299c-4e0c-9daa-2dbe2863d3f7", "success": true, "failure_category": null, "charged_tokens": 15, "job_elapsed_seconds": 16.041258101000494, "cumulative_budget": {"seconds": 1732.6987573230003, "tokens": 23849, "cases": 64}}
{"schema_version": 1, "tested_code_commit": "32edd3bf54712a8134659f298b8958462024c2a0", "split": "development_only_excluded_from_future_heldout", "skipped": [], "stop_reason": "Fixed 21-case allocation exhausted; stop GPU work", "cumulative_usage": {"seconds": 1732.6987573230003, "tokens": 23849, "cases": 64}, "incremental_usage": {"seconds": 331.16923984099594, "tokens": 350, "cases": 21}, "recorded_outcomes": 21}
