{"case_id": "F-c0-n32-r0", "attempt_id": "2ebb48fc-25bd-44f2-b246-fc757074ee41", "success": true, "failure_category": null, "charged_tokens": 636, "job_elapsed_seconds": 36.789442028999474, "cumulative_budget": {"seconds": 8966.367968134982, "tokens": 145678, "cases": 225}}
{"case_id": "R-c0-n32-r0", "attempt_id": "5ec8f275-1410-47ea-bb23-f28256f90198", "success": false, "failure_category": "capacity_exhaustion", "charged_tokens": 1996, "job_elapsed_seconds": 147.16252385199914, "cumulative_budget": {"seconds": 9113.530491986981, "tokens": 147674, "cases": 226}}
{"case_id": "R-c0-n128-r0", "attempt_id": "f23d7a1b-1a1a-4d92-a9ff-6c9ba5cedd9d", "success": false, "failure_category": "capacity_exhaustion", "charged_tokens": 1996, "job_elapsed_seconds": 151.96417490599924, "cumulative_budget": {"seconds": 9265.49466689298, "tokens": 149670, "cases": 227}}
{"case_id": "F-c0-n128-r0", "attempt_id": "5c24964a-b777-4e55-8b7b-7f3811a1de56", "success": true, "failure_category": null, "charged_tokens": 1212, "job_elapsed_seconds": 60.340620271999796, "cumulative_budget": {"seconds": 9325.83528716498, "tokens": 150882, "cases": 228}}
{"case_id": "R-c1-n32-r0", "attempt_id": "2156c164-3e4d-4f8e-b95c-700af9cf2e0e", "success": false, "failure_category": "capacity_exhaustion", "charged_tokens": 1996, "job_elapsed_seconds": 151.41272446099902, "cumulative_budget": {"seconds": 9477.24801162598, "tokens": 152878, "cases": 229}}
{"case_id": "F-c1-n32-r0", "attempt_id": "07c09f07-b57a-4ff1-9189-b4115a7ddf56", "success": true, "failure_category": null, "charged_tokens": 636, "job_elapsed_seconds": 36.82370652999816, "cumulative_budget": {"seconds": 9514.071718155978, "tokens": 153514, "cases": 230}}
{"case_id": "F-c1-n128-r0", "attempt_id": "86619577-96b5-4881-9316-ac1984b33afc", "success": true, "failure_category": null, "charged_tokens": 1212, "job_elapsed_seconds": 60.275291277997894, "cumulative_budget": {"seconds": 9574.347009433975, "tokens": 154726, "cases": 231}}
{"case_id": "R-c1-n128-r0", "attempt_id": "2b8f20f0-7f88-49cc-9804-30e91f12604c", "success": false, "failure_category": "capacity_exhaustion", "charged_tokens": 1996, "job_elapsed_seconds": 149.82518023900047, "cumulative_budget": {"seconds": 9724.172189672976, "tokens": 156722, "cases": 232}}
{"case_id": "F-c2-n32-r0", "attempt_id": "0955c817-980e-479d-9bad-3234f8fe04ff", "success": true, "failure_category": null, "charged_tokens": 630, "job_elapsed_seconds": 36.81155096299699, "cumulative_budget": {"seconds": 9760.983740635973, "tokens": 157352, "cases": 233}}
{"case_id": "R-c2-n32-r0", "attempt_id": "1bc4be9e-5f41-4a60-97e4-65928514ce13", "success": true, "failure_category": null, "charged_tokens": 1719, "job_elapsed_seconds": 86.40783375600222, "cumulative_budget": {"seconds": 9847.391574391975, "tokens": 159071, "cases": 234}}
{"case_id": "R-c2-n128-r0", "attempt_id": "5a149330-3020-4559-b54f-672c3ee94b06", "success": false, "failure_category": "capacity_exhaustion", "charged_tokens": 1994, "job_elapsed_seconds": 147.6927142919958, "cumulative_budget": {"seconds": 9995.084288683971, "tokens": 161065, "cases": 235}}
{"case_id": "F-c2-n128-r0", "attempt_id": "09d821ef-474b-49ab-ae90-e7314357e7a1", "success": true, "failure_category": null, "charged_tokens": 1206, "job_elapsed_seconds": 60.26223676199879, "cumulative_budget": {"seconds": 10055.34652544597, "tokens": 162271, "cases": 236}}
{"case_id": "R-c3-n32-r0", "attempt_id": "1cd9b4a9-6ef0-456e-aaa5-afc6f7e8c6fc", "success": true, "failure_category": null, "charged_tokens": 5382, "job_elapsed_seconds": 356.71674142800475, "cumulative_budget": {"seconds": 10412.063266873974, "tokens": 167653, "cases": 237}}
{"case_id": "F-c3-n32-r0", "attempt_id": "a3eacab9-0b1a-4f6c-a61f-a3d5e84c9ad3", "success": true, "failure_category": null, "charged_tokens": 633, "job_elapsed_seconds": 37.87005491599848, "cumulative_budget": {"seconds": 10449.933321789973, "tokens": 168286, "cases": 238}}
{"case_id": "F-c3-n128-r0", "attempt_id": "bbdf6362-0e79-4fd4-a294-104828ef080b", "success": true, "failure_category": null, "charged_tokens": 1209, "job_elapsed_seconds": 61.85944278300303, "cumulative_budget": {"seconds": 10511.792764572976, "tokens": 169495, "cases": 239}}
{"case_id": "R-c3-n128-r0", "attempt_id": "c560b990-1609-4f2a-9472-b0176e90dbe4", "success": false, "failure_category": "capacity_exhaustion", "charged_tokens": 1995, "job_elapsed_seconds": 154.63328445100342, "cumulative_budget": {"seconds": 10666.42604902398, "tokens": 171490, "cases": 240}}
{"case_id": "control-F-c0-n32-r0-B", "attempt_id": "a53746f8-ec4d-40ed-ac7d-1f734b6e51fd", "success": true, "failure_category": null, "charged_tokens": 424, "job_elapsed_seconds": 29.8860314429985, "cumulative_budget": {"seconds": 10696.312080466978, "tokens": 171914, "cases": 241}}
{"case_id": "control-R-c0-n32-r0-B", "attempt_id": "f9ca41bb-ebfe-47b4-931e-b2e874c4a0de", "success": true, "failure_category": null, "charged_tokens": 3992, "job_elapsed_seconds": 288.59358555400104, "cumulative_budget": {"seconds": 10984.905666020979, "tokens": 175906, "cases": 242}}
{"case_id": "control-R-c0-n128-r0-B", "attempt_id": "463d8616-48aa-48fe-8d6d-0e5b2f74670d", "success": true, "failure_category": null, "charged_tokens": 3992, "job_elapsed_seconds": 278.3449735009999, "cumulative_budget": {"seconds": 11263.250639521979, "tokens": 179898, "cases": 243}}
{"case_id": "control-F-c0-n128-r0-B", "attempt_id": "05bb20f4-2146-4bb3-83b4-127cfa7b3b30", "success": true, "failure_category": null, "charged_tokens": 808, "job_elapsed_seconds": 45.878636886001914, "cumulative_budget": {"seconds": 11309.12927640798, "tokens": 180706, "cases": 244}}
{"case_id": "control-R-c1-n32-r0-B", "attempt_id": "1cbe87f3-dcd5-4ead-8ec0-045af2c25584", "success": true, "failure_category": null, "charged_tokens": 3992, "job_elapsed_seconds": 290.58704884899635, "cumulative_budget": {"seconds": 11599.716325256977, "tokens": 184698, "cases": 245}}
{"case_id": "control-F-c1-n32-r0-B", "attempt_id": "86ef2334-dd17-4bb5-b337-cfb4086d14f5", "success": true, "failure_category": null, "charged_tokens": 424, "job_elapsed_seconds": 29.323983670001326, "cumulative_budget": {"seconds": 11629.040308926978, "tokens": 185122, "cases": 246}}
{"case_id": "control-F-c1-n128-r0-B", "attempt_id": "07060109-dc28-442d-81f6-dd72f76c6a61", "success": true, "failure_category": null, "charged_tokens": 808, "job_elapsed_seconds": 45.859236759999476, "cumulative_budget": {"seconds": 11674.899545686978, "tokens": 185930, "cases": 247}}
{"case_id": "control-R-c1-n128-r0-B", "attempt_id": "89369901-4bcd-44c4-b3c5-a2e8322a11f7", "success": true, "failure_category": null, "charged_tokens": 3992, "job_elapsed_seconds": 298.0926710880012, "cumulative_budget": {"seconds": 11972.99221677498, "tokens": 189922, "cases": 248}}
{"case_id": "control-F-c2-n32-r0-B", "attempt_id": "928ee76d-0589-47ae-9d68-216c2ae06dc4", "success": true, "failure_category": null, "charged_tokens": 420, "job_elapsed_seconds": 29.907846816997335, "cumulative_budget": {"seconds": 12002.900063591977, "tokens": 190342, "cases": 249}}
{"case_id": "control-R-c2-n32-r0-B", "attempt_id": "fc82f9fe-fe14-4ab3-aafb-1b87c41caf48", "success": true, "failure_category": null, "charged_tokens": 1146, "job_elapsed_seconds": 62.381546233002155, "cumulative_budget": {"seconds": 12065.281609824979, "tokens": 191488, "cases": 250}}
{"case_id": "control-R-c2-n128-r0-B", "attempt_id": "687f87df-d199-4dae-9686-e4e9a0f59b79", "success": true, "failure_category": null, "charged_tokens": 3988, "job_elapsed_seconds": 284.22412233500654, "cumulative_budget": {"seconds": 12349.505732159985, "tokens": 195476, "cases": 251}}
{"case_id": "control-F-c2-n128-r0-B", "attempt_id": "183d4e5d-8213-407f-80c5-b1cb8583026d", "success": true, "failure_category": null, "charged_tokens": 804, "job_elapsed_seconds": 46.39368121699954, "cumulative_budget": {"seconds": 12395.899413376985, "tokens": 196280, "cases": 252}}
{"case_id": "control-R-c3-n32-r0-B", "attempt_id": "5805cd4c-bd1d-4261-977f-f42f925a3ee6", "success": true, "failure_category": null, "charged_tokens": 3588, "job_elapsed_seconds": 246.38318671600427, "cumulative_budget": {"seconds": 12642.282600092989, "tokens": 199868, "cases": 253}}
{"case_id": "control-F-c3-n32-r0-B", "attempt_id": "8f3568aa-cafb-4b4c-84bc-6eb9a99000ab", "success": true, "failure_category": null, "charged_tokens": 422, "job_elapsed_seconds": 29.884996399996453, "cumulative_budget": {"seconds": 12672.167596492985, "tokens": 200290, "cases": 254}}
{"case_id": "control-F-c3-n128-r0-B", "attempt_id": "790cc07f-c016-4ce4-967d-8d12e75cf43e", "success": true, "failure_category": null, "charged_tokens": 806, "job_elapsed_seconds": 46.39607315199828, "cumulative_budget": {"seconds": 12718.563669644984, "tokens": 201096, "cases": 255}}
{"case_id": "control-R-c3-n128-r0-B", "attempt_id": "b7617277-884e-49f1-88ae-eadec10985e7", "success": true, "failure_category": null, "charged_tokens": 3990, "job_elapsed_seconds": 290.63934981700004, "cumulative_budget": {"seconds": 13009.203019461984, "tokens": 205086, "cases": 256}}
{"case_id": "replay-F-c0-n32", "attempt_id": "dbe52d05-e77e-4f8e-8938-7e2c811e44aa", "success": true, "failure_category": null, "charged_tokens": 212, "job_elapsed_seconds": 22.406002101000922, "cumulative_budget": {"seconds": 13031.609021562985, "tokens": 205298, "cases": 257}}
{"case_id": "replay-F-c0-n128", "attempt_id": "d0ee3a57-2349-4133-b8e9-86aab2128d07", "success": true, "failure_category": null, "charged_tokens": 404, "job_elapsed_seconds": 29.86927376699896, "cumulative_budget": {"seconds": 13061.478295329984, "tokens": 205702, "cases": 258}}
{"case_id": "replay-F-c2-n32", "attempt_id": "f997ea04-61af-45c6-85ff-fbc841bb85ce", "success": true, "failure_category": null, "charged_tokens": 210, "job_elapsed_seconds": 21.86415261300135, "cumulative_budget": {"seconds": 13083.342447942985, "tokens": 205912, "cases": 259}}
{"case_id": "replay-R-c2-n32", "attempt_id": "2bebc392-a26a-4b48-83a0-270decea3ca7", "success": true, "failure_category": null, "charged_tokens": 573, "job_elapsed_seconds": 38.9371946809988, "cumulative_budget": {"seconds": 13122.279642623984, "tokens": 206485, "cases": 260}}
{"case_id": "replay-F-c2-n128", "attempt_id": "73f1b990-7f25-422e-8c96-d82a7302abeb", "success": true, "failure_category": null, "charged_tokens": 402, "job_elapsed_seconds": 29.86787629900209, "cumulative_budget": {"seconds": 13152.147518922986, "tokens": 206887, "cases": 261}}
{"schema_version": 1, "phase": "main", "tested_code_commit": "78617213825f1163b3692f698e1063ba32a7de73", "skipped": [{"case_id": "replay-R-c0-n32", "reason": "Predetermined source unavailable; no replacement"}, {"case_id": "replay-R-c0-n128", "reason": "Predetermined source unavailable; no replacement"}, {"case_id": "replay-R-c2-n128", "reason": "Predetermined source unavailable; no replacement"}], "allocation_id": "stage8_capacity_comparison_2026-09-18", "qualification_passed": false, "stop_reason": "Frozen phase completed", "lifetime_usage": {"seconds": 13152.147518922986, "tokens": 206887, "cases": 261}, "stage8_usage": {"seconds": 5156.875482143001, "tokens": 75028, "cases": 43}, "recorded_outcomes": 43}
